[wpriverthemes.com/drake/index.html]
[wpriverthemes.com/drake/wp-content/themes/drake/assets/images/favicon.png]
[backblue.gif]
[fade.gif]
[index.html]
[wpriverthemes.com/drake/wp-includes/css/dist/block-library/style.mine35d.css]
[wpriverthemes.com/drake/wp-content/plugins/redux-framework/redux-core/assets/css/extendify-utilities4235.css]
[wpriverthemes.com/drake/feed/index.html]
[wpriverthemes.com/drake/wp-content/plugins/contact-form-7/includes/css/styles41a3.css]
[maxst.icons8.com/vue-static/landings/line-awesome/line-awesome/1.3.0/css/line-awesome.mine35d.css]
[wpriverthemes.com/drake/comments/feed/index.html]
[wpriverthemes.com/drake/wp-content/themes/drake/assets/css/bootstrap.mine35d.css]
[wpriverthemes.com/drake/wp-content/themes/drake/assets/css/owl.carousel.mine35d.css]
[wpriverthemes.com/drake/wp-content/themes/drake/assets/css/owl.theme.default.mine35d.css]
[wpriverthemes.com/drake/wp-content/themes/drake/assets/css/animate.mine35d.css]
[wpriverthemes.com/drake/wp-content/themes/drake/assets/css/smooth-scrollbare35d.css]
[wpriverthemes.com/drake/wp-content/themes/drake/assets/css/lightbox.mine35d.css]
[wpriverthemes.com/drake/wp-content/themes/drake/assets/css/stylee35d.css]
[wpriverthemes.com/drake/wp-content/themes/drake/assets/css/unit-teste35d.css]
[wpriverthemes.com/drake/wp-content/themes/drake/assets/css/responsivee35d.css]
[wpriverthemes.com/drake/wp-content/plugins/elementor/assets/lib/eicons/css/elementor-icons.mind618.css]
[wpriverthemes.com/drake/wp-content/plugins/elementor/assets/css/frontend-lite.minb73d.css]
[wpriverthemes.com/drake/wp-content/plugins/elementor/assets/lib/swiper/v8/css/swiper.min94a4.css]
[wpriverthemes.com/drake/wp-content/uploads/elementor/css/post-109e42.css]
[wpriverthemes.com/drake/wp-content/uploads/elementor/css/global9e42.css]
[wpriverthemes.com/drake/wp-includes/js/jquery/jquery.min3088.js]
[wpriverthemes.com/drake/wp-includes/js/jquery/jquery-migrate.min5589.js]
[wpriverthemes.com/drake/wp-json/wp/v2/pages/8.json]
[wpriverthemes.com/drake/wp-json/index.html]
[wpriverthemes.com/drake/xmlrpc0db0.php]
[wpriverthemes.com/drake/wp-json/oembed/1.0/embeda441.json]
[wpriverthemes.com/drake/wp-json/oembed/1.0/embed828c]
[wpriverthemes.com/drake/wp-content/themes/drake/assets/images/logo.png]
[wpriverthemes.com/drake/wp-content/themes/drake/assets/images/me.jpg]
[wpriverthemes.com/drake/earth-lines-sphere/index.html]
[wpriverthemes.com/drake/3d-abstract-ball/index.html]
[wpriverthemes.com/drake/water-waves/index.html]
[wpriverthemes.com/drake/liquids-wavy/index.html]
[wpriverthemes.com/drake/wp-content/uploads/2023/03/round-text.png]
[wpriverthemes.com/drake/simple-strings/index.html]
[wpriverthemes.com/drake/wp-content/uploads/2023/03/figma.png]
[wpriverthemes.com/drake/wp-content/uploads/2023/03/framer.png]
[wpriverthemes.com/drake/wp-content/uploads/2023/03/webflow.png]
[wpriverthemes.com/drake/wp-content/uploads/2023/03/react.png]
[wpriverthemes.com/drake/wp-content/uploads/2023/03/wordpress.png]
[wpriverthemes.com/drake/wp-content/uploads/2023/03/laravel.png]
[wpriverthemes.com/drake/wp-content/uploads/2023/03/portfolio1.jpg]
[wpriverthemes.com/drake/wp-content/uploads/2023/03/portfolio2.jpg]
[wpriverthemes.com/drake/wp-content/uploads/2023/03/portfolio3.jpg]
[wpriverthemes.com/drake/wp-content/uploads/2023/03/portfolio4.jpg]
[wpriverthemes.com/drake/wp-content/uploads/2023/03/portfolio5.jpg]
[wpriverthemes.com/drake/wp-content/uploads/2023/03/testimonial-1.jpg]
[wpriverthemes.com/drake/wp-content/uploads/2023/03/testimonial-2.jpg]
[wpriverthemes.com/drake/wp-content/uploads/2023/03/testimonial-3.jpg]
[wpriverthemes.com/drake/wp-content/uploads/2023/03/client-1.png]
[wpriverthemes.com/drake/wp-content/uploads/2023/03/client-2.png]
[wpriverthemes.com/drake/wp-content/uploads/2023/03/client-3.png]
[wpriverthemes.com/drake/wp-content/uploads/2023/03/client-4.png]
[wpriverthemes.com/drake/wp-content/uploads/2023/03/client-5.png]
[wpriverthemes.com/drake/wp-content/uploads/2023/03/client-6.png]
[wpriverthemes.com/drake/wp-content/uploads/2023/03/client-7.png]
[wpriverthemes.com/drake/wp-content/uploads/2023/03/client-8.png]
[wpriverthemes.com/drake/wp-content/plugins/contact-form-7/includes/swv/js/index41a3.js]
[wpriverthemes.com/drake/wp-content/plugins/contact-form-7/includes/js/index41a3.js]
[wpriverthemes.com/drake/wp-content/themes/drake/assets/js/jquerye35d.js]
[wpriverthemes.com/drake/wp-content/themes/drake/assets/js/bootstrap.bundle.mine35d.js]
[wpriverthemes.com/drake/wp-content/themes/drake/assets/js/owl.carousele35d.js]
[wpriverthemes.com/drake/wp-content/themes/drake/assets/js/gsap.mine35d.js]
[wpriverthemes.com/drake/wp-content/themes/drake/assets/js/ScrollTrigger.mine35d.js]
[wpriverthemes.com/drake/wp-content/themes/drake/assets/js/ScrollToPlugin.mine35d.js]
[wpriverthemes.com/drake/wp-content/themes/drake/assets/js/lightbox.mine35d.js]
[wpriverthemes.com/drake/wp-content/themes/drake/assets/js/maine35d.js]
[wpriverthemes.com/drake/wp-content/themes/drake/assets/js/ajax-forme35d.js]
[wpriverthemes.com/drake/wp-content/themes/drake/assets/js/colore35d.js]
[wpriverthemes.com/drake/wp-content/plugins/elementor/assets/js/webpack.runtime.minb73d.js]
[wpriverthemes.com/drake/wp-content/plugins/elementor/assets/js/frontend-modules.minb73d.js]
[wpriverthemes.com/drake/wp-content/plugins/elementor/assets/lib/waypoints/waypoints.min05da.js]
[wpriverthemes.com/drake/wp-includes/js/jquery/ui/core.min3f14.js]
[wpriverthemes.com/drake/index.html]
[wpriverthemes.com/drake/wp-includes/css/dist/block-library/style.mine35d.css]
[wpriverthemes.com/drake/wp-content/plugins/redux-framework/redux-core/assets/css/extendify-utilities4235.css]
[wpriverthemes.com/drake/wp-content/plugins/contact-form-7/includes/css/styles41a3.css]
[maxst.icons8.com/vue-static/landings/line-awesome/line-awesome/1.3.0/css/line-awesome.mine35d.css]
[wpriverthemes.com/drake/wp-content/themes/drake/assets/css/bootstrap.mine35d.css]
[wpriverthemes.com/drake/wp-content/plugins/elementor/assets/js/frontend.minb73d.js]
[wpriverthemes.com/drake/wp-content/themes/drake/assets/css/owl.video.play.png]
[wpriverthemes.com/drake/wp-content/themes/drake/assets/css/owl.carousel.mine35d.css]
[wpriverthemes.com/drake/wp-content/themes/drake/assets/css/owl.theme.default.mine35d.css]
[wpriverthemes.com/drake/wp-content/themes/drake/assets/css/animate.mine35d.css]
[wpriverthemes.com/drake/wp-content/themes/drake/assets/css/smooth-scrollbare35d.css]
[wpriverthemes.com/drake/wp-content/themes/drake/assets/images/loading.gif]
[wpriverthemes.com/drake/wp-content/themes/drake/assets/css/lightbox.mine35d.css]
[wpriverthemes.com/drake/wp-content/themes/drake/assets/images/bg-shape.png]
[wpriverthemes.com/drake/wp-content/themes/drake/assets/css/stylee35d.css]
[wpriverthemes.com/drake/wp-content/themes/drake/assets/css/unit-teste35d.css]
[wpriverthemes.com/drake/wp-content/themes/drake/assets/css/responsivee35d.css]
[wpriverthemes.com/drake/wp-content/plugins/elementor/assets/lib/eicons/fonts/eicons66e9.woff2]
[wpriverthemes.com/drake/wp-content/plugins/elementor/assets/lib/eicons/fonts/eicons66e9.woff]
[wpriverthemes.com/drake/wp-content/plugins/elementor/assets/lib/eicons/css/elementor-icons.mind618.css]
[wpriverthemes.com/drake/wp-content/plugins/elementor/assets/lib/eicons/fonts/eicons66e9.eot]
[wpriverthemes.com/drake/wp-content/plugins/elementor/assets/css/frontend-lite.minb73d.css]
[wpriverthemes.com/drake/wp-content/plugins/elementor/assets/lib/swiper/v8/css/swiper.min94a4.css]
[wpriverthemes.com/drake/wp-content/uploads/elementor/css/post-109e42.css]
[wpriverthemes.com/drake/wp-content/uploads/elementor/css/global9e42.css]
[wpriverthemes.com/drake/wp-includes/js/jquery/jquery.min3088.js]
[wpriverthemes.com/drake/wp-includes/js/jquery/jquery-migrate.min5589.js]
[wpriverthemes.com/drake/wp-content/plugins/elementor/assets/lib/eicons/fonts/eicons66e9.svg]
[wpriverthemes.com/drake/wp-content/plugins/elementor/assets/lib/eicons/fonts/eicons66e9.ttf]
[wpriverthemes.com/drake/wp-json/wp/v2/pages/199.json]
[wpriverthemes.com/drake/wp-json/oembed/1.0/embed3876.json]
[wpriverthemes.com/drake/wp-json/oembed/1.0/embed6f6a]
[wpriverthemes.com/drake/wp-content/themes/drake/assets/images/video1.mp4]
[wpriverthemes.com/drake/earth-lines-sphere/index.html]
[wpriverthemes.com/drake/wp-json/wp/v2/pages/201.json]
[wpriverthemes.com/drake/wp-json/oembed/1.0/embedfe2f.json]
[wpriverthemes.com/drake/wp-json/oembed/1.0/embedd004]
[wpriverthemes.com/drake/wp-content/themes/drake/assets/images/video2.mp4]
[wpriverthemes.com/drake/3d-abstract-ball/index.html]
[wpriverthemes.com/drake/wp-json/wp/v2/pages/203.json]
[wpriverthemes.com/drake/wp-json/oembed/1.0/embed0691.json]
[wpriverthemes.com/drake/wp-json/oembed/1.0/embed6399]
[wpriverthemes.com/drake/wp-content/themes/drake/assets/images/video3.mp4]
[wpriverthemes.com/drake/water-waves/index.html]
[wpriverthemes.com/drake/wp-json/wp/v2/pages/205.json]
[wpriverthemes.com/drake/wp-json/oembed/1.0/embed887e.json]
[wpriverthemes.com/drake/wp-json/oembed/1.0/embeda90d]
[wpriverthemes.com/drake/wp-content/themes/drake/assets/images/video4.mp4]
[wpriverthemes.com/drake/liquids-wavy/index.html]
[wpriverthemes.com/drake/wp-json/wp/v2/pages/207.json]
[wpriverthemes.com/drake/wp-json/oembed/1.0/embed8b12.json]
[wpriverthemes.com/drake/wp-json/oembed/1.0/embed2b0e]
[wpriverthemes.com/drake/wp-content/themes/drake/assets/images/video5.mp4]
[wpriverthemes.com/drake/simple-strings/index.html]
[wpriverthemes.com/drake/t.5f.delayed]
[wpriverthemes.com/drake/wp-content/plugins/contact-form-7/includes/swv/js/index41a3.js]
[wpriverthemes.com/drake/wp-content/plugins/contact-form-7/includes/js/index41a3.js]
[wpriverthemes.com/drake/wp-content/themes/drake/assets/js/jquerye35d.js]
[wpriverthemes.com/drake/wp-content/themes/drake/assets/js/bootstrap.bundle.mine35d.js]
[wpriverthemes.com/drake/wp-content/themes/drake/assets/js/owl.carousele35d.js]
[wpriverthemes.com/drake/wp-content/themes/drake/assets/js/gsap.mine35d.js]
[wpriverthemes.com/drake/wp-content/themes/drake/assets/js/ScrollTrigger.mine35d.js]
[wpriverthemes.com/drake/wp-content/themes/drake/assets/js/ScrollToPlugin.mine35d.js]
[wpriverthemes.com/drake/wp-content/themes/drake/assets/js/lightbox.mine35d.js]
[wpriverthemes.com/drake/wp-content/themes/drake/assets/js/maine35d.js]
[wpriverthemes.com/drake/wp-content/themes/drake/assets/js/ajax-forme35d.js]
[wpriverthemes.com/drake/wp-content/themes/drake/assets/js/colore35d.js]
[wpriverthemes.com/drake/wp-content/plugins/elementor/assets/js/webpack.runtime.minb73d.js]
[wpriverthemes.com/drake/wp-content/plugins/elementor/assets/js/frontend-modules.minb73d.js]
[wpriverthemes.com/drake/wp-content/plugins/elementor/assets/lib/waypoints/waypoints.min05da.js]
[wpriverthemes.com/drake/wp-includes/js/jquery/ui/core.min3f14.js]
[wpriverthemes.com/drake/-negative.svg]
[wpriverthemes.com/drake/wp-content/plugins/elementor/assets/js/frontend.minb73d.js]
[wpriverthemes.com/drake/wp-content/themes/drake/assets/css/owl.video.play.html]
[wpriverthemes.com/drake/wp-content/plugins/elementor/assets/lib/eicons/fonts/eicons66e9.svg]
[wpriverthemes.com/drake/index5051.html]
[wpriverthemes.com/drake/index5721.html]
[wpriverthemes.com/drake/OPR/index.html]
[wpriverthemes.com/drake/indexc39e.html]
[wpriverthemes.com/drake/indexc140.html]
[wpriverthemes.com/drake/indexeb91.html]
[wpriverthemes.com/drake/t.html]
[wpriverthemes.com/drake/-negative.html]
[wpriverthemes.com/drake/OPR/index.html]
